// Jest Snapshot v1, https://goo.gl/fbAQLP

exports[`changes the class when hovered 1`] = `
<span
  className="MuiSlider-colorPrimary MuiSlider-sizeMedium MuiSlider-root css-187mznn-MuiSlider-root"
  onMouseDown={[Function]}
>
  <span
    className="MuiSlider-rail css-14pt78w-MuiSlider-rail"
  />
  <span
    className="MuiSlider-track css-1gv0vcd-MuiSlider-track"
    style={
      Object {
        "left": "25%",
        "width": "50%",
      }
    }
  />
  <span
    className="MuiSlider-mark css-1tfve6q-MuiSlider-mark"
    data-index={0}
    style={
      Object {
        "left": "0%",
      }
    }
  />
  <span
    className="MuiSlider-mark MuiSlider-markActive css-6cwnna-MuiSlider-mark"
    data-index={1}
    style={
      Object {
        "left": "25%",
      }
    }
  />
  <span
    className="MuiSlider-mark MuiSlider-markActive css-6cwnna-MuiSlider-mark"
    data-index={2}
    style={
      Object {
        "left": "50%",
      }
    }
  />
  <span
    className="MuiSlider-mark MuiSlider-markActive css-6cwnna-MuiSlider-mark"
    data-index={3}
    style={
      Object {
        "left": "75%",
      }
    }
  />
  <span
    className="MuiSlider-mark css-1tfve6q-MuiSlider-mark"
    data-index={4}
    style={
      Object {
        "left": "100%",
      }
    }
  />
  <span
    className="MuiSlider-thumbColorPrimary MuiSlider-thumbSizeMedium MuiSlider-thumb css-eg0mwd-MuiSlider-thumb"
    data-index={0}
    onMouseLeave={[Function]}
    onMouseOver={[Function]}
    style={
      Object {
        "left": "25%",
        "pointerEvents": undefined,
      }
    }
  >
    <input
      aria-orientation="horizontal"
      aria-valuemax={4}
      aria-valuemin={0}
      aria-valuenow={1}
      aria-valuetext={1}
      data-index={0}
      disabled={false}
      max={4}
      min={0}
      onBlur={[Function]}
      onChange={[Function]}
      onFocus={[Function]}
      step={1}
      style={
        Object {
          "border": 0,
          "clip": "rect(0 0 0 0)",
          "direction": "ltr",
          "height": "100%",
          "margin": -1,
          "overflow": "hidden",
          "padding": 0,
          "position": "absolute",
          "whiteSpace": "nowrap",
          "width": "100%",
        }
      }
      type="range"
      value={1}
    />
    <span
      aria-hidden={true}
      className="MuiSlider-valueLabel css-1kz0hui-MuiSlider-valueLabel"
    >
      <span
        className="MuiSlider-valueLabelCircle"
      >
        <span
          className="MuiSlider-valueLabelLabel"
        >
          Week 1
        </span>
      </span>
    </span>
  </span>
  <span
    className="MuiSlider-thumbColorPrimary MuiSlider-thumbSizeMedium MuiSlider-thumb css-eg0mwd-MuiSlider-thumb"
    data-index={1}
    onMouseLeave={[Function]}
    onMouseOver={[Function]}
    style={
      Object {
        "left": "75%",
        "pointerEvents": undefined,
      }
    }
  >
    <input
      aria-orientation="horizontal"
      aria-valuemax={4}
      aria-valuemin={0}
      aria-valuenow={3}
      aria-valuetext={3}
      data-index={1}
      disabled={false}
      max={4}
      min={0}
      onBlur={[Function]}
      onChange={[Function]}
      onFocus={[Function]}
      step={1}
      style={
        Object {
          "border": 0,
          "clip": "rect(0 0 0 0)",
          "direction": "ltr",
          "height": "100%",
          "margin": -1,
          "overflow": "hidden",
          "padding": 0,
          "position": "absolute",
          "whiteSpace": "nowrap",
          "width": "100%",
        }
      }
      type="range"
      value={3}
    />
    <span
      aria-hidden={true}
      className="MuiSlider-valueLabel css-1kz0hui-MuiSlider-valueLabel"
    >
      <span
        className="MuiSlider-valueLabelCircle"
      >
        <span
          className="MuiSlider-valueLabelLabel"
        />
      </span>
    </span>
  </span>
</span>
`;
